#-----------------------------------------------------------
# Vivado v2017.4 (64-bit)
# SW Build 2086221 on Fri Dec 15 20:55:39 MST 2017
# IP Build 2085800 on Fri Dec 15 22:25:07 MST 2017
# Start of session at: Tue Jun 22 19:43:43 2021
# Process ID: 11724
# Current directory: D:/GitCode/SketchSystem
# Command line: vivado.exe -gui_launcher_event rodinguilauncherevent7072 D:\GitCode\SketchSystem\imageProcessingSystem.xpr
# Log file: D:/GitCode/SketchSystem/vivado.log
# Journal file: D:/GitCode/SketchSystem\vivado.jou
#-----------------------------------------------------------
start_gui
open_project D:/GitCode/SketchSystem/imageProcessingSystem.xpr
update_compile_order -fileset sources_1
reset_run synth_1
launch_runs impl_1 -to_step write_bitstream -jobs 4
wait_on_run impl_1
file copy -force D:/GitCode/SketchSystem/imageProcessingSystem.runs/impl_1/system_wrapper.sysdef D:/GitCode/SketchSystem/imageProcessingSystem.sdk/system_wrapper.hdf

launch_sdk -workspace D:/GitCode/SketchSystem/imageProcessingSystem.sdk -hwspec D:/GitCode/SketchSystem/imageProcessingSystem.sdk/system_wrapper.hdf
